../Core/Src/main.c:121:6:main	24	static
../Core/Src/main.c:247:7:SystemClock_Config	88	static
../Core/Src/main.c:294:14:MX_I2C1_Init	8	static
../Core/Src/main.c:328:14:MX_GPIO_Init	32	static
../Core/Src/main.c:361:7:wait_all_buttons_release	8	static
../Core/Src/main.c:369:7:leds_off	8	static
../Core/Src/main.c:373:7:show_color	24	static
../Core/Src/main.c:405:7:blink_success	8	static
../Core/Src/main.c:411:7:blink_error	16	static
../Core/Src/main.c:420:7:run_calibration	40	static
../Core/Src/main.c:443:8:calculate_distance	32	static
../Core/Src/main.c:451:6:get_color_id	72	static
../Core/Src/main.c:507:6:get_layout_id	24	static
../Core/Src/main.c:517:7:write8	32	static
../Core/Src/main.c:522:11:read16	32	static
../Core/Src/main.c:537:7:Error_Handler	4	static,ignoring_inline_asm
